閫傜敤浜?.NET Framework MSBuild 鐗堟湰 17.14.14+a129329f1

